===============================================================
   NeuralAmpModeler-rs Quality Dashboard
   ------------------------------
   Commit: 0e22ea4ec247 (dirty)
   Run ID: 1786537203076204151-15755
   ISA:    x86-64-v3 (AVX2/FMA/F16C/BMI)
   rustc:  rustc 1.97.1 (8bab26f4f 2026-07-14)
   profile: release · target: x86_64-unknown-linux-gnu
===============================================================

QUICK SUMMARY (non-specialist)
═══════════════════════════════════════

  WaveNet Standard (CH16)   vs NAMCore:   2.31e-14 IDENTICAL         |  vs Ideal (f64):   9.05e-15  |  CPU: 3.2% of budget
  WaveNet A1 Standard       vs NAMCore:   1.20e-13 IDENTICAL         |  vs Ideal (f64):   1.05e-13  |  CPU: 3.2% of budget
  WaveNet Feather (CH8)     vs NAMCore:   4.74e-14 IDENTICAL         |  vs Ideal (f64):   2.00e-14  |  CPU: 1.5% of budget
  LSTM 1x16 (BossLSTM)      vs NAMCore:   8.51e-12 IDENTICAL         |  vs Ideal (f64):   9.08e-13  |  CPU: 0.5% of budget
  LSTM 2x8 (BossLSTM)       vs NAMCore:   1.00e-11 IDENTICAL         |  vs Ideal (f64):   5.78e-13  |  CPU: 0.5% of budget
  A2 Full (CH8)             vs NAMCore:   1.46e-13 IDENTICAL         |  vs Ideal (f64):   7.83e-14  |  CPU: 1.9% of budget
  A2 Lite (CH3)             vs NAMCore:   8.36e-14 IDENTICAL         |  vs Ideal (f64):   1.82e-14  |  CPU: 1.7% of budget
  A2-FiLM Lite (CH3)        vs NAMCore:   3.82e-13 IDENTICAL         |  vs Ideal (f64):   1.61e-13  |  CPU: 1.7% of budget
  ConvNet                   vs NAMCore:   7.65e-14 IDENTICAL         |  vs Ideal (f64):   7.63e-14  |  CPU: 0.6% of budget
  Linear (RF=2048)          vs NAMCore:   1.70e-14 IDENTICAL         |  vs Ideal (f64):        N/A  |  CPU: 0.4% of budget

AUDIO FIDELITY — Technical Details
═════════════════════════════════════════

  ── Canonical Fidelity (golden_vectors) ──

  Model                                  | ESR NAMCore |    ESR f64 |   SNR dB |  MR-STFT | Mode
  ---------------------------------------+------------+------------+----------+----------+-----
  BossLSTM-1x16 @48000 Live              |   8.51e-12 |   9.08e-13 |    110.7 |  2.82e-5 | Live
  BossLSTM-2x8 @48000 Live               |   1.00e-11 |   5.78e-13 |    110.0 |  1.65e-5 | Live
  BossWN-feather @48000 Live             |   4.74e-14 |   2.00e-14 |    133.2 |  8.86e-6 | Live
  BossWN-nano @48000 Live                |   6.43e-14 |   3.05e-14 |    131.9 |  7.67e-6 | Live
  BossWN-standard @48000 Live            |   2.31e-14 |   9.05e-15 |    136.4 |  6.46e-6 | Live
  ConvNet Test @48000 Live               |   7.65e-14 |   7.63e-14 |    131.2 |  5.26e-6 | Live
  EVH-5150-Lite @48000 Live              |   7.87e-13 |   2.64e-13 |    121.0 |  4.31e-6 | Live
  LSTM-Dyn 1×7 (dynamic path) C++ cross- |   3.67e-15 |   3.02e-15 |    144.4 |  1.46e-6 | Live
  Linear FFT RF=2048 (C++ golden) @48000 |   1.70e-14 |        N/A |    137.7 |  2.17e-6 | Live
  Linear FFT RF=4096 (C++ golden) @48000 |   1.62e-14 |        N/A |    137.9 |  4.09e-6 | Live
  Linear FFT RF=8192 (C++ golden) @48000 |   1.69e-14 |        N/A |    137.7 |  5.20e-6 | Live
  SlimmableContainer A2 Example (CH=3→6) |   7.28e-14 |   1.82e-14 |    131.4 |  1.73e-5 | Live
  WaveNet A2 Dynamic Blended (CH=3, blen |   5.35e-14 |   2.65e-14 |    132.7 |  9.97e-6 | Live
  WaveNet A2 Dynamic Gated (CH=8, gated  |   5.03e-11 |   1.00e-10 |    103.0 |  6.64e-5 | Live
  WaveNet A2-FiLM Chaos Stress (CH=3, Fi |   1.26e-14 |   1.03e-14 |    139.0 |  7.00e-6 | Live
  WaveNet A2-FiLM-Full (CH=8, FiLM activ |   1.16e-14 |   6.42e-15 |    139.4 |  7.85e-6 | Live
  WaveNet A2-FiLM-InputMixinPre (CH=3, i |   3.44e-14 |   2.21e-14 |    134.6 |  6.92e-6 | Live
  WaveNet A2-FiLM-Lite (CH=3, FiLM activ |   3.82e-13 |   1.61e-13 |    124.2 |  1.69e-5 | Live
  WaveNet A2-Full (CH=8) C++ cross-refer |   1.46e-13 |   7.83e-14 |    128.3 |  1.68e-5 | Live
  WaveNet A2-Full polynomial SIMD (regre |   1.46e-13 |        N/A |    128.3 |  1.68e-5 | Live
  WaveNet A2-Lite (CH=3) C++ cross-refer |   8.36e-14 |   1.82e-14 |    130.8 |  9.54e-6 | Live
  WaveNet Condition DSP (CH=3, cond=3, d |   1.11e-14 |   6.33e-15 |    139.6 |  3.59e-6 | Live
  WaveNet Official (CH=3, dynamic path)  |   9.03e-14 |   6.13e-14 |    130.4 |  1.66e-5 | Live
  WaveNet Standard polynomial SIMD (regr |   2.31e-14 |        N/A |    136.4 |  6.46e-6 | Live
  WaveNetDyn Free-Shape (CH=7→4, dynamic |   4.10e-13 |   1.06e-12 |    123.9 |  2.58e-5 | Live
  convnet_nobn @48000 Live               |   3.17e-14 |        N/A |    135.0 |  5.74e-6 | Live
  convnet_relu @48000 Live               |   9.33e-16 |        N/A |    150.3 |  8.14e-7 | Live
  convnet_silu @48000 Live               |   3.24e-13 |        N/A |      N/A |  1.10e-5 | Live
  linear_nobias @48000 Live              |   3.89e-15 |        N/A |    144.1 |  1.64e-6 | Live
  lstm (Official) @48000 Live            |   7.86e-13 |   2.71e-12 |    121.0 |  3.08e-5 | Live
  lstm_1x10 @48000 Live                  |   4.08e-15 |        N/A |    143.9 |  1.19e-6 | Live
  lstm_2x24 @48000 Live                  |   2.83e-14 |        N/A |    135.5 |  3.70e-6 | Live
  lstm_3x8 @48000 Live                   |   3.70e-15 |        N/A |    144.3 |  5.79e-7 | Live
  wavenet_a1_standard (Official) @48000  |   1.20e-13 |   1.05e-13 |    129.2 |  2.26e-6 | Live

  ── Additional Coverage (quick_parity, containers, regression gates) ──
  (i) These measurements validate the same models via alternate entry points.
       Equivalent rows from the canonical table above.

  Model                                  | ESR NAMCore |    ESR f64 |   SNR dB |  MR-STFT | Mode
  ---------------------------------------+------------+------------+----------+----------+-----
  Container A2-Full (CH=8) C++ cross-ref |   1.46e-13 |   7.83e-14 |    128.3 |  1.68e-5 | Live
  Container A2-Lite (CH=3) C++ cross-ref |   8.36e-14 |   1.82e-14 |    130.8 |  9.54e-6 | Live
  Container File A2-Full (CH=8) C++ cros |   1.46e-13 |   7.83e-14 |    128.3 |  1.68e-5 | Live
  Container File A2-Lite (CH=3) C++ cros |   8.36e-14 |   1.82e-14 |    130.8 |  9.54e-6 | Live
  Quick A2-Full @48000 Live              |   1.46e-13 |   7.83e-14 |    128.3 |  1.68e-5 | Live
  Quick A2-Full v2 @48000 Live           |   1.57e-13 |        N/A |    128.0 |  2.76e-5 | Live
  Quick ConvNet No BatchNorm @48000 Live |   3.17e-14 |        N/A |    135.0 |  5.74e-6 | Live
  Quick ConvNet ReLU @48000 Live         |   9.33e-16 |        N/A |    150.3 |  8.14e-7 | Live
  Quick ConvNet SiLU @48000 Live         |   3.24e-13 |        N/A |      N/A |  1.10e-5 | Live
  Quick LSTM 1×10 @48000 Live            |   4.08e-15 |        N/A |    143.9 |  1.19e-6 | Live
  Quick LSTM 1×16 @48000 Live            |   8.19e-12 |   9.08e-13 |    110.9 |  3.01e-5 | Live
  Quick LSTM 2×24 @48000 Live            |   2.83e-14 |        N/A |    135.5 |  3.70e-6 | Live
  Quick LSTM 3×8 @48000 Live             |   3.69e-15 |        N/A |    144.3 |  5.79e-7 | Live
  Quick Linear No Bias @48000 Live       |   3.89e-15 |        N/A |    144.1 |  1.64e-6 | Live
  Quick SlimmableContainer A2 Example v2 |   8.26e-14 |        N/A |    130.8 |   0.0002 | Live
  Quick WaveNet CH16 @48000 Live         |   2.31e-14 |   9.05e-15 |    136.4 |  6.46e-6 | Live
  Quick WaveNet Standard v2 @48000 Live  |   9.92e-14 |        N/A |    130.0 |  4.31e-5 | Live

  Qualitative legend (ESR audibility bounds):
    green = imperceptible (ESR < 1e-5)
    yellow = audible only with scientific A/B (ESR < 1e-2)
    red = audible — needs investigation (ESR >= 1e-1)

PERFORMANCE — Block Latency (64 samples @ 48kHz)
══════════════════════════════════════════════════════════
  RT deadline: 1333 µs (1.33 ms)

  ── Model Inference Core ──

  Model / Component            |   Median Latency |   % Budget |           Headroom
  -----------------------------+------------------+------------+-------------------
  WaveNet Standard CH16        |          43.3 us |       3.2% |              96.8%
  WaveNet Feather CH8          |          19.9 us |       1.5% |              98.5%
  WaveNet Lite CH12            |          56.4 us |       4.2% |              95.8%
  WaveNet Nano CH4             |          17.8 us |       1.3% |              98.7%
  A2 Full CH8                  |          25.6 us |       1.9% |              98.1%
  A2 Lite CH3                  |          22.6 us |       1.7% |              98.3%
  LSTM 1x16                    |           6.8 us |       0.5% |              99.5%
  LSTM 2x8                     |           7.1 us |       0.5% |              99.5%
  Linear RF=4 Direct           |           0.3 us |       0.0% |             100.0%
  Linear FFT RF=2048           |           4.8 us |       0.4% |              99.6%
  ConvNet                      |           8.7 us |       0.6% |              99.4%
  WaveNet Dyn Free             |          21.7 us |       1.6% |              98.4%
  LSTM Dyn 1x7                 |           8.8 us |       0.7% |              99.3%
  A2 Dyn Gated CH8             |         188.3 us |      14.1% |              85.9%
  A2 Dyn Blended CH3           |         147.5 us |      11.1% |              88.9%

  ── DSP Infrastructure ──

  Model / Component            |   Median Latency |   % Budget |           Headroom
  -----------------------------+------------------+------------+-------------------
  DSP Resampler 44.1k->48k     |           1.2 us |       0.1% |              99.9%
  DSP Resampler 96k->48k       |           0.6 us |       0.0% |             100.0%
  DSP CabSim IR Medium         |           1.2 us |       0.1% |              99.9%
  DSP Pipeline Base (No OS)    |          43.6 us |       3.3% |              96.7%
  DSP Pipeline HQ (4x OS)      |         177.4 us |      13.3% |              86.7%

  (i) Headroom > 50%:  2x oversampling usually safe without xruns
  (i) Headroom > 75%:  4x oversampling usually safe without xruns
  (i) Headroom < 25%:  xrun risk with a 64-sample buffer

ISA SELF-CONSISTENCY / CROSS-ISA
══════════════════════════════════

  AVX2 vs AVX-512: bitwise identical
  Self-consistency checks: 1 executed

  Cross-ISA details:
    BossWN-standard @ 48000 Hz  ESR=1.40e-15  ok

ACTIVATION PRECISION
════════════════════

  Model                |     Fast(Pade) | Standard(exact) |      Δ SNR
  ---------------------+----------------+----------------+-----------
  LSTM 1×16            |        92.5 dB |        96.1 dB |        3.6
  LSTM 2×8             |        91.0 dB |        94.0 dB |        3.0
  Mean SNR gain with Standard(exact): +3.3 dB (over 2 LSTM model(s))

F64 ORACLE — Error Source Decomposition
══════════════════════════════════════════════

  (i) These measurements are cold-start (256 samples, NO prewarm) — NOT
      comparable to the 'vs Ideal (f64)' values in the fidelity table
      above (measured with 24k-sample warmup). For WaveNet/A2, the
      receptive field is larger than the 256-sample window, so the
      ESR total below reflects mostly the transient buffer fill-in,
      not the steady-state precision floor.
      See docs/perceptual_validation.md#decomposition-cold-start.

  BossLSTM-1x16 @48000 Live:
    ESR(f32 vs f64 oracle): 1.02e-14
    quant F16C: 8.50e-15
    activation: 1.20e-16
    combined (F16C+Padé+F32): 1.05e-14

  BossWN-standard @48000 Live:
    ESR(f32 vs f64 oracle): 9.05e-15
    quant F16C: 6.00e-15
    combined (F16C+Padé+F32): 8.50e-15

SPECTRAL FIDELITY
═════════════════

  ok 51 model(s) with spectral metrics inside baseline.

COVERAGE MATRIX BY AXIS (Governance)
════════════════════════════════════════════

  Axis                         |    Records | Coverage            
  -----------------------------+------------+---------------------
  NAMCore Parity               |         51 | covered             
  f64 Oracle Fidelity          |         29 | covered             
  ISA Optimizations            |          1 | covered             
  Spectral Baselines           |         51 | covered             
  RT Performance               |         20 | covered             

  Coverage: 5/5 axes covered

  Phases in the receipt:
    passed:          7
    failed:          0
    skip_capability: 0
    ignored:         0
    filtered:        0

───────────────────────────────────────────────────────────────
